Bienvenido al programa principal de ArteProg. Por favor ingrese su comando:
1> La altura del grupo es 17. Calculado correctamente en menos de 1s.
2> Se obtuvieron los visitantes? 1 1 1 1 con ids respectivos 0 199999 66666 133333
Calculado correctamente en menos de 0.010s.
3> Fin.
